// Jest Snapshot v1, https://goo.gl/fbAQLP

exports[`CompanyList Snapshot renders CompanyList 1`] = `null`;
